// Jest Snapshot v1, https://goo.gl/fbAQLP

exports[`pageLoader error handling passed link to non-existent site 1`] = `"Nock: Disallowed net connect for \\"qwertyui12345.com:80/\\""`;

exports[`pageLoader error handling passed wrong output 1`] = `"ENOENT: no such file or directory, open '/wrong/dir/test-com.html'"`;
